Archive member included to satisfy reference by file (symbol)

/Devel/NOVAsom_SDK/Xcompiler/Xc_NovasisA9_5.4_br_hf_v16_glibc/usr/lib/gcc/arm-buildroot-linux-gnueabihf/5.4.0/libgcc.a(_udivsi3.o)
                              arch/arm/cpu/armv7/built-in.o (__aeabi_uidiv)
/Devel/NOVAsom_SDK/Xcompiler/Xc_NovasisA9_5.4_br_hf_v16_glibc/usr/lib/gcc/arm-buildroot-linux-gnueabihf/5.4.0/libgcc.a(_divsi3.o)
                              cmd/built-in.o (__aeabi_idiv)
/Devel/NOVAsom_SDK/Xcompiler/Xc_NovasisA9_5.4_br_hf_v16_glibc/usr/lib/gcc/arm-buildroot-linux-gnueabihf/5.4.0/libgcc.a(_lshrdi3.o)
                              fs/built-in.o (__aeabi_llsr)
/Devel/NOVAsom_SDK/Xcompiler/Xc_NovasisA9_5.4_br_hf_v16_glibc/usr/lib/gcc/arm-buildroot-linux-gnueabihf/5.4.0/libgcc.a(_ashldi3.o)
                              drivers/mmc/built-in.o (__aeabi_llsl)
/Devel/NOVAsom_SDK/Xcompiler/Xc_NovasisA9_5.4_br_hf_v16_glibc/usr/lib/gcc/arm-buildroot-linux-gnueabihf/5.4.0/libgcc.a(_dvmd_lnx.o)
                              /Devel/NOVAsom_SDK/Xcompiler/Xc_NovasisA9_5.4_br_hf_v16_glibc/usr/lib/gcc/arm-buildroot-linux-gnueabihf/5.4.0/libgcc.a(_udivsi3.o) (__aeabi_idiv0)

Discarded input sections

 .data          0x0000000000000000        0x0 arch/arm/cpu/armv7/start.o
 .bss           0x0000000000000000        0x0 arch/arm/cpu/armv7/start.o
 .text.v7_arch_cp15_set_l2aux_ctrl
                0x0000000000000000        0x8 arch/arm/cpu/armv7/built-in.o
 .text.v7_arch_cp15_set_acr
                0x0000000000000000        0x8 arch/arm/cpu/armv7/built-in.o
 .text.sdelay   0x0000000000000000        0xc arch/arm/cpu/armv7/built-in.o
 .text.wait_on_value
                0x0000000000000000       0x34 arch/arm/cpu/armv7/built-in.o
 .text.get_nr_cpus
                0x0000000000000000       0x10 arch/arm/cpu/armv7/built-in.o
 .text.get_cpu_speed_grade_hz
                0x0000000000000000      0x128 arch/arm/cpu/armv7/built-in.o
 .text.get_cpu_temp_grade
                0x0000000000000000       0x68 arch/arm/cpu/armv7/built-in.o
 .text.get_board_rev
                0x0000000000000000       0x40 arch/arm/cpu/armv7/built-in.o
 .text.board_mmc_get_env_dev
                0x0000000000000000        0x8 arch/arm/cpu/armv7/built-in.o
 .text.get_boot_device
                0x0000000000000000       0x9c arch/arm/cpu/armv7/built-in.o
 .text.set_wdog_reset
                0x0000000000000000       0x18 arch/arm/cpu/armv7/built-in.o
 .text.check_1_2G
                0x0000000000000000       0x5c arch/arm/cpu/armv7/built-in.o
 .text.set_arm_freq_400M
                0x0000000000000000       0x2c arch/arm/cpu/armv7/built-in.o
 .text.prep_anatop_bypass
                0x0000000000000000       0x60 arch/arm/cpu/armv7/built-in.o
 .text.set_anatop_bypass
                0x0000000000000000       0x50 arch/arm/cpu/armv7/built-in.o
 .text.finish_anatop_bypass
                0x0000000000000000       0x24 arch/arm/cpu/armv7/built-in.o
 .text.enable_uart_clk
                0x0000000000000000       0x54 arch/arm/cpu/armv7/built-in.o
 .text.enable_usdhc_clk
                0x0000000000000000       0x4c arch/arm/cpu/armv7/built-in.o
 .text.enable_spi_clk
                0x0000000000000000       0x44 arch/arm/cpu/armv7/built-in.o
 .text.enable_lvds_bridge
                0x0000000000000000      0x1d8 arch/arm/cpu/armv7/built-in.o
 .text.enable_thermal_clk
                0x0000000000000000       0x48 arch/arm/cpu/armv7/built-in.o
 .text.enable_ipu_clock
                0x0000000000000000       0x90 arch/arm/cpu/armv7/built-in.o
 .text.mx6_ecspi_fused
                0x0000000000000000       0x78 arch/arm/cpu/armv7/built-in.o
 .text.mx6_uart_fused
                0x0000000000000000       0xb4 arch/arm/cpu/armv7/built-in.o
 .text.mx6_i2c_fused
                0x0000000000000000       0x64 arch/arm/cpu/armv7/built-in.o
 .data          0x0000000000000000        0x0 arch/arm/cpu/armv7/built-in.o
 .bss           0x0000000000000000        0x0 arch/arm/cpu/armv7/built-in.o
 .bss.arm_orig_podf
                0x0000000000000000        0x4 arch/arm/cpu/armv7/built-in.o
 .text          0x0000000000000000        0x0 arch/arm/imx-common/built-in.o
 .text.imx_iomux_set_gpr_register
                0x0000000000000000       0x40 arch/arm/imx-common/built-in.o
 .text.get_imx_reset_cause
                0x0000000000000000       0x10 arch/arm/imx-common/built-in.o
 .text.imx_ddr_size
                0x0000000000000000       0x64 arch/arm/imx-common/built-in.o
 .text.set_chipselect_size
                0x0000000000000000       0x84 arch/arm/imx-common/built-in.o
 .text.usec2ticks
                0x0000000000000000       0x60 arch/arm/imx-common/built-in.o
 .rodata.col_lookup
                0x0000000000000000        0x8 arch/arm/imx-common/built-in.o
 .rodata.bank_lookup
                0x0000000000000000        0x2 arch/arm/imx-common/built-in.o
 .data          0x0000000000000000        0x0 arch/arm/imx-common/built-in.o
[...]
Memory Configuration

Name             Origin             Length             Attributes
*default*        0x0000000000000000 0xffffffffffffffff

Linker script and memory map

Address of section .text set to 0x87800000
                0x0000000000000000                . = 0x0
                0x0000000000000000                . = ALIGN (0x4)

.text           0x0000000087800000    0x3c458
 *(.__image_copy_start)
 .__image_copy_start
                0x0000000087800000        0x0 arch/arm/lib/built-in.o
                0x0000000087800000                __image_copy_start
 *(.vectors)
 .vectors       0x0000000087800000      0x300 arch/arm/lib/built-in.o
                0x0000000087800000                _start
                0x0000000087800020                _undefined_instruction
                0x0000000087800024                _software_interrupt
                0x0000000087800028                _prefetch_abort
                0x000000008780002c                _data_abort
                0x0000000087800030                _not_used
                0x0000000087800034                _irq
                0x0000000087800038                _fiq
                0x0000000087800040                IRQ_STACK_START_IN
 arch/arm/cpu/armv7/start.o(.text*)
 .text          0x0000000087800300       0xb0 arch/arm/cpu/armv7/start.o
                0x0000000087800300                reset
                0x0000000087800304                save_boot_params_ret
                0x0000000087800340                c_runtime_cpu_setup
                0x0000000087800350                save_boot_params
                0x0000000087800354                cpu_init_cp15
                0x00000000878003a8                cpu_init_crit
 *(.text*)
 .text          0x00000000878003b0       0x24 arch/arm/cpu/armv7/built-in.o
                0x00000000878003b0                lowlevel_init
 .text.v7_maint_dcache_all
                0x00000000878003d4       0xd0 arch/arm/cpu/armv7/built-in.o
 .text.invalidate_icache_all
                0x00000000878004a4       0x18 arch/arm/cpu/armv7/built-in.o
                0x00000000878004a4                invalidate_icache_all
 .text.v7_outer_cache_enable
                0x00000000878004bc        0x4 arch/arm/cpu/armv7/built-in.o
                0x00000000878004bc                v7_outer_cache_enable
 .text.v7_outer_cache_disable
                0x00000000878004c0        0x4 arch/arm/cpu/armv7/built-in.o
                0x00000000878004c0                v7_outer_cache_disable
 .text.v7_outer_cache_flush_all
                0x00000000878004c4        0x4 arch/arm/cpu/armv7/built-in.o
                0x00000000878004c4                v7_outer_cache_flush_all
 .text.flush_dcache_all
                0x00000000878004c8       0x14 arch/arm/cpu/armv7/built-in.o
                0x00000000878004c8                flush_dcache_all
 .text.v7_outer_cache_inval_all
                0x00000000878004dc        0x4 arch/arm/cpu/armv7/built-in.o
                0x00000000878004dc                v7_outer_cache_inval_all
 .text.invalidate_dcache_all
                0x00000000878004e0       0x14 arch/arm/cpu/armv7/built-in.o
                0x00000000878004e0                invalidate_dcache_all
 .text.arm_init_before_mmu
                0x00000000878004f4       0x28 arch/arm/cpu/armv7/built-in.o
                0x00000000878004f4                arm_init_before_mmu
 .text.v7_outer_cache_flush_range
                0x000000008780051c        0x4 arch/arm/cpu/armv7/built-in.o
                0x000000008780051c                v7_outer_cache_flush_range
 .text.flush_dcache_range
                0x0000000087800520       0x38 arch/arm/cpu/armv7/built-in.o
                0x0000000087800520                flush_dcache_range
 .text.mmu_page_table_flush
                0x0000000087800558       0x24 arch/arm/cpu/armv7/built-in.o
                0x0000000087800558                mmu_page_table_flush
 .text.v7_outer_cache_inval_range
                0x000000008780057c        0x4 arch/arm/cpu/armv7/built-in.o
                0x000000008780057c                v7_outer_cache_inval_range
 .text.invalidate_dcache_range
                0x0000000087800580       0xa8 arch/arm/cpu/armv7/built-in.o
                0x0000000087800580                invalidate_dcache_range
 .text.cpu_cache_initialization
                0x0000000087800628        0x4 arch/arm/cpu/armv7/built-in.o
                0x0000000087800628                cpu_cache_initialization
 .text.cleanup_before_linux_select
                0x000000008780062c       0x4c arch/arm/cpu/armv7/built-in.o
                0x000000008780062c                cleanup_before_linux_select
 .text.cleanup_before_linux
                0x0000000087800678        0x8 arch/arm/cpu/armv7/built-in.o
                0x0000000087800678                cleanup_before_linux
 .text.get_cpu_rev
                0x0000000087800680       0x90 arch/arm/cpu/armv7/built-in.o
                0x0000000087800680                get_cpu_rev
 .text.set_ldo_voltage
                0x0000000087800710       0xd4 arch/arm/cpu/armv7/built-in.o
 .text.arch_cpu_init
                0x00000000878007e4      0x368 arch/arm/cpu/armv7/built-in.o
                0x00000000878007e4                arch_cpu_init
 .text.mmc_get_env_dev
                0x0000000087800b4c       0x28 arch/arm/cpu/armv7/built-in.o
                0x0000000087800b4c                mmc_get_env_dev
 .text.board_mmc_get_env_part
                0x0000000087800b74        0x8 arch/arm/cpu/armv7/built-in.o
                0x0000000087800b74                board_mmc_get_env_part
 .text.mmc_get_env_part
                0x0000000087800b7c       0x28 arch/arm/cpu/armv7/built-in.o
                0x0000000087800b7c                mmc_get_env_part
 .text.board_postclk_init
                0x0000000087800ba4       0x28 arch/arm/cpu/armv7/built-in.o
                0x0000000087800ba4                board_postclk_init
 .text.imx_get_mac_from_fuse
                0x0000000087800bcc       0xb8 arch/arm/cpu/armv7/built-in.o
                0x0000000087800bcc                imx_get_mac_from_fuse
 .text.reset_misc
                0x0000000087800c84        0x4 arch/arm/cpu/armv7/built-in.o
                0x0000000087800c84                reset_misc
 .text.s_init   0x0000000087800c88       0xa8 arch/arm/cpu/armv7/built-in.o
                0x0000000087800c88                s_init
 .text.check_ldo_bypass
                0x0000000087800d30       0x78 arch/arm/cpu/armv7/built-in.o
                0x0000000087800d30                check_ldo_bypass
 .text.disable_lcdif_clock
                0x0000000087800da8      0x208 arch/arm/cpu/armv7/built-in.o
 .text.get_ipg_clk
                0x0000000087800fb0       0x28 arch/arm/cpu/armv7/built-in.o
 .text.enable_pll_video.constprop.0
                0x0000000087800fd8      0x100 arch/arm/cpu/armv7/built-in.o
 .text.get_uart_clk
                0x00000000878010d8       0xd8 arch/arm/cpu/armv7/built-in.o
 .text.mxc_get_pll_pfd
                0x00000000878011b0       0xd4 arch/arm/cpu/armv7/built-in.o
 .text.get_usdhc_clk
                0x0000000087801284       0xe8 arch/arm/cpu/armv7/built-in.o
 .text.enable_ocotp_clk
                0x000000008780136c       0x24 arch/arm/cpu/armv7/built-in.o
                0x000000008780136c                enable_ocotp_clk
 .text.enable_usboh3_clk
                0x0000000087801390       0x24 arch/arm/cpu/armv7/built-in.o
                0x0000000087801390                enable_usboh3_clk
 .text.enable_enet_clk
                0x00000000878013b4       0x64 arch/arm/cpu/armv7/built-in.o
                0x00000000878013b4                enable_enet_clk
 .text.get_periph_clk
                0x0000000087801418       0xdc arch/arm/cpu/armv7/built-in.o
                0x0000000087801418                get_periph_clk
 .text.get_axi_clk
                0x00000000878014f4       0x4c arch/arm/cpu/armv7/built-in.o
 .text.enable_lcdif_clock
                0x0000000087801540      0x264 arch/arm/cpu/armv7/built-in.o
                0x0000000087801540                enable_lcdif_clock
 .text.mxs_set_lcdclk
                0x00000000878017a4      0x394 arch/arm/cpu/armv7/built-in.o
                0x00000000878017a4                mxs_set_lcdclk
 .text.enable_qspi_clk
                0x0000000087801b38       0x9c arch/arm/cpu/armv7/built-in.o
                0x0000000087801b38                enable_qspi_clk
 .text.enable_fec_anatop_clock
                0x0000000087801bd4       0xf4 arch/arm/cpu/armv7/built-in.o
                0x0000000087801bd4                enable_fec_anatop_clock
 .text.imx_get_uartclk
                0x0000000087801cc8        0x4 arch/arm/cpu/armv7/built-in.o
                0x0000000087801cc8                imx_get_uartclk
 .text.mxc_get_clock
                0x0000000087801ccc      0x4bc arch/arm/cpu/armv7/built-in.o
                0x0000000087801ccc                mxc_get_clock
 .text.imx_get_fecclk
                0x0000000087802188        0x8 arch/arm/cpu/armv7/built-in.o
                0x0000000087802188                imx_get_fecclk
 .text.do_mx6_showclocks
                0x0000000087802190      0x230 arch/arm/cpu/armv7/built-in.o
                0x0000000087802190                do_mx6_showclocks
 .text.check_module_fused
                0x00000000878023c0       0x68 arch/arm/cpu/armv7/built-in.o
                0x00000000878023c0                check_module_fused
 .text.ft_system_setup
                0x0000000087802428       0xf4 arch/arm/cpu/armv7/built-in.o
                0x0000000087802428                ft_system_setup
 .text.mx6_esdhc_fused
                0x000000008780251c       0x64 arch/arm/cpu/armv7/built-in.o
                0x000000008780251c                mx6_esdhc_fused
 .text.mx6_usb_fused
                0x0000000087802580       0x14 arch/arm/cpu/armv7/built-in.o
                0x0000000087802580                mx6_usb_fused
 .text.mx6_qspi_fused
                0x0000000087802594        0x8 arch/arm/cpu/armv7/built-in.o
                0x0000000087802594                mx6_qspi_fused
 .text.mx6_enet_fused
                0x000000008780259c       0x34 arch/arm/cpu/armv7/built-in.o
                0x000000008780259c                mx6_enet_fused
 .text.imx_iomux_v3_setup_pad
                0x00000000878025d0      0x17c arch/arm/imx-common/built-in.o
                0x00000000878025d0                imx_iomux_v3_setup_pad
 .text.imx_iomux_v3_setup_multiple_pads
                0x000000008780274c       0x2c arch/arm/imx-common/built-in.o
                0x000000008780274c                imx_iomux_v3_setup_multiple_pads
 .text.get_imx_type
                0x0000000087802778       0x20 arch/arm/imx-common/built-in.o
                0x0000000087802778                get_imx_type
 .text.print_cpuinfo
                0x0000000087802798      0x13c arch/arm/imx-common/built-in.o
                0x0000000087802798                print_cpuinfo
 .text.cpu_eth_init
                0x00000000878028d4        0x4 arch/arm/imx-common/built-in.o
                0x00000000878028d4                cpu_eth_init
 .text.cpu_mmc_init
                0x00000000878028d8        0x4 arch/arm/imx-common/built-in.o
                0x00000000878028d8                cpu_mmc_init
 .text.get_ahb_clk
                0x00000000878028dc       0x24 arch/arm/imx-common/built-in.o
                0x00000000878028dc                get_ahb_clk
 .text.arch_preboot_os
                0x0000000087802900       0x14 arch/arm/imx-common/built-in.o
                0x0000000087802900                arch_preboot_os
 .text.get_clocks
                0x0000000087802914       0x1c arch/arm/imx-common/built-in.o
                0x0000000087802914                get_clocks
 .text.mxs_wait_mask_set
                0x0000000087802930       0x3c arch/arm/imx-common/built-in.o
                0x0000000087802930                mxs_wait_mask_set
 .text.mxs_wait_mask_clr
                0x000000008780296c       0x3c arch/arm/imx-common/built-in.o
                0x000000008780296c                mxs_wait_mask_clr
 .text.mxs_reset_block
                0x00000000878029a8       0x90 arch/arm/imx-common/built-in.o
                0x00000000878029a8                mxs_reset_block
 .text.enable_caches
                0x0000000087802a38       0x60 arch/arm/imx-common/built-in.o
                0x0000000087802a38                enable_caches
 .text.init_aips
                0x0000000087802a98       0xc0 arch/arm/imx-common/built-in.o
                0x0000000087802a98                init_aips
 .text.imx_set_wdog_powerdown
                0x0000000087802b58       0xa0 arch/arm/imx-common/built-in.o
                0x0000000087802b58                imx_set_wdog_powerdown
 .text.init_src
                0x0000000087802bf8       0x18 arch/arm/imx-common/built-in.o
                0x0000000087802bf8                init_src
 .text.boot_mode_apply
                0x0000000087802c10       0x24 arch/arm/imx-common/built-in.o
                0x0000000087802c10                boot_mode_apply
 .text.board_video_skip
                0x0000000087802c34      0x1a0 arch/arm/imx-common/built-in.o
                0x0000000087802c34                board_video_skip
 .text.timer_init
                0x0000000087802dd4       0x3c arch/arm/imx-common/built-in.o
                0x0000000087802dd4                timer_init
 .text.get_ticks
                0x0000000087802e10       0x18 arch/arm/imx-common/built-in.o
                0x0000000087802e10                get_ticks
 .text.get_timer_masked
                0x0000000087802e28       0x58 arch/arm/imx-common/built-in.o
                0x0000000087802e28                get_timer_masked
 .text.get_timer
                0x0000000087802e80       0x14 arch/arm/imx-common/built-in.o
                0x0000000087802e80                get_timer
 *fill*         0x0000000087802e94        0x4 
 .text.__udelay
                0x0000000087802e98       0x88 arch/arm/imx-common/built-in.o
                0x0000000087802e98                __udelay
 .text.get_tbclk
                0x0000000087802f20        0x8 arch/arm/imx-common/built-in.o
                0x0000000087802f20                get_tbclk
 .text.create_usage
                0x0000000087802f28       0xac arch/arm/imx-common/built-in.o
 .text.do_boot_mode
                0x0000000087802fd4       0xd4 arch/arm/imx-common/built-in.o
 .text.add_board_boot_modes
                0x00000000878030a8       0x60 arch/arm/imx-common/built-in.o
                0x00000000878030a8                add_board_boot_modes
 .text          0x0000000087803108       0x90 arch/arm/lib/built-in.o
                0x0000000087803108                _main
 .text.relocate_vectors
                0x0000000087803198       0x70 arch/arm/lib/built-in.o
                0x0000000087803198                relocate_vectors
                0x00000000878031a4                relocate_code
 .text.arch_fixup_fdt
                0x0000000087803208       0x38 arch/arm/lib/built-in.o
                0x0000000087803208                arch_fixup_fdt
 .text.boot_jump_linux
                0x0000000087803240       0xc4 arch/arm/lib/built-in.o
 .text.arch_lmb_reserve
                0x0000000087803304       0x24 arch/arm/lib/built-in.o
                0x0000000087803304                arch_lmb_reserve
 .text.setup_board_tags
                0x0000000087803328        0x4 arch/arm/lib/built-in.o
                0x0000000087803328                setup_board_tags
 .text.boot_prep_linux
                0x000000008780332c      0x1d4 arch/arm/lib/built-in.o
 .text.do_bootm_linux
                0x0000000087803500       0x64 arch/arm/lib/built-in.o
                0x0000000087803500                do_bootm_linux
 .text.bootz_setup
                0x0000000087803564       0x58 arch/arm/lib/built-in.o
                0x0000000087803564                bootz_setup
 .text.boot_prep_vxworks
                0x00000000878035bc       0x50 arch/arm/lib/built-in.o
                0x00000000878035bc                boot_prep_vxworks
 .text.boot_jump_vxworks
                0x000000008780360c        0xc arch/arm/lib/built-in.o
                0x000000008780360c                boot_jump_vxworks
 .text.arch_reserve_stacks
                0x0000000087803618       0x1c arch/arm/lib/built-in.o
                0x0000000087803618                arch_reserve_stacks
 .text.interrupt_init
                0x0000000087803634       0x1c arch/arm/lib/built-in.o
                0x0000000087803634                interrupt_init
 .text.enable_interrupts
                0x0000000087803650        0x4 arch/arm/lib/built-in.o
                0x0000000087803650                enable_interrupts
 .text.disable_interrupts
                0x0000000087803654        0x8 arch/arm/lib/built-in.o
                0x0000000087803654                disable_interrupts
 .text.bad_mode
                0x000000008780365c       0x10 arch/arm/lib/built-in.o
                0x000000008780365c                bad_mode
 .text.show_regs
                0x000000008780366c      0x174 arch/arm/lib/built-in.o
                0x000000008780366c                show_regs
 .text.do_undefined_instruction
                0x00000000878037e0       0x20 arch/arm/lib/built-in.o
                0x00000000878037e0                do_undefined_instruction
 .text.do_software_interrupt
                0x0000000087803800       0x20 arch/arm/lib/built-in.o
                0x0000000087803800                do_software_interrupt
 .text.do_prefetch_abort
                0x0000000087803820       0x20 arch/arm/lib/built-in.o
                0x0000000087803820                do_prefetch_abort
 .text.do_data_abort
                0x0000000087803840       0x20 arch/arm/lib/built-in.o
                0x0000000087803840                do_data_abort
 .text.do_not_used
                0x0000000087803860       0x20 arch/arm/lib/built-in.o
                0x0000000087803860                do_not_used
 .text.do_fiq   0x0000000087803880       0x20 arch/arm/lib/built-in.o
                0x0000000087803880                do_fiq
 .text.do_irq   0x00000000878038a0       0x20 arch/arm/lib/built-in.o
                0x00000000878038a0                do_irq
 .text.do_reset
                0x00000000878038c0       0x30 arch/arm/lib/built-in.o
                0x00000000878038c0                do_reset
 .text.flush_cache
                0x00000000878038f0        0x8 arch/arm/lib/built-in.o
                0x00000000878038f0                flush_cache
 .text.cp_delay
                0x00000000878038f8       0x30 arch/arm/lib/built-in.o
 .text.cache_disable
                0x0000000087803928       0x54 arch/arm/lib/built-in.o
 .text.arm_init_domains
                0x000000008780397c        0x4 arch/arm/lib/built-in.o
                0x000000008780397c                arm_init_domains
 .text.set_section_dcache
                0x0000000087803980       0x14 arch/arm/lib/built-in.o
                0x0000000087803980                set_section_dcache
 .text.mmu_set_region_dcache_behaviour
                0x0000000087803994       0x4c arch/arm/lib/built-in.o
                0x0000000087803994                mmu_set_region_dcache_behaviour
 .text.dram_bank_mmu_setup
                0x00000000878039e0       0x44 arch/arm/lib/built-in.o
                0x00000000878039e0                dram_bank_mmu_setup
 .text.icache_enable
                0x0000000087803a24       0x18 arch/arm/lib/built-in.o
                0x0000000087803a24                icache_enable
 .text.icache_disable
                0x0000000087803a3c        0x8 arch/arm/lib/built-in.o
                0x0000000087803a3c                icache_disable
 .text.icache_status
                0x0000000087803a44        0xc arch/arm/lib/built-in.o
                0x0000000087803a44                icache_status
 .text.dcache_enable
                0x0000000087803a50       0x7c arch/arm/lib/built-in.o
                0x0000000087803a50                dcache_enable
 .text.dcache_disable
                0x0000000087803acc        0x8 arch/arm/lib/built-in.o
                0x0000000087803acc                dcache_disable
 .text.dcache_status
                0x0000000087803ad4        0xc arch/arm/lib/built-in.o
                0x0000000087803ad4                dcache_status
 .text.board_late_mmc_env_init
                0x0000000087803ae0       0x9c board/novasis/common/built-in.o
                0x0000000087803ae0                board_late_mmc_env_init
 .text.do_enable_parallel_lcd
                0x0000000087803b7c       0x2c board/novasis/novasomu/built-in.o
                0x0000000087803b7c                do_enable_parallel_lcd
 .text.dram_init
                0x0000000087803ba8       0x10 board/novasis/novasomu/built-in.o
                0x0000000087803ba8                dram_init
 .text.board_qspi_init
                0x0000000087803bb8       0x24 board/novasis/novasomu/built-in.o
                0x0000000087803bb8                board_qspi_init
 .text.board_mmc_get_env_dev
                0x0000000087803bdc        0x4 board/novasis/novasomu/built-in.o
                0x0000000087803bdc                board_mmc_get_env_dev
 .text.mmc_map_to_kernel_blk
                0x0000000087803be0        0x4 board/novasis/novasomu/built-in.o
                0x0000000087803be0                mmc_map_to_kernel_blk
 .text.board_mmc_getcd
                0x0000000087803be4        0x8 board/novasis/novasomu/built-in.o
                0x0000000087803be4                board_mmc_getcd
 .text.board_mmc_init
                0x0000000087803bec       0x64 board/novasis/novasomu/built-in.o
                0x0000000087803bec                board_mmc_init
 .text.board_eth_init
                0x0000000087803c50       0x58 board/novasis/novasomu/built-in.o
                0x0000000087803c50                board_eth_init
 .text.board_phy_config
                0x0000000087803ca8       0x6c board/novasis/novasomu/built-in.o
                0x0000000087803ca8                board_phy_config
 .text.power_init_board
                0x0000000087803d14        0x8 board/novasis/novasomu/built-in.o
                0x0000000087803d14                power_init_board
 .text.ldo_mode_set
                0x0000000087803d1c        0x4 board/novasis/novasomu/built-in.o
                0x0000000087803d1c                ldo_mode_set
 .text.board_early_init_f
                0x0000000087803d20       0x1c board/novasis/novasomu/built-in.o
                0x0000000087803d20                board_early_init_f
 .text.board_init
                0x0000000087803d3c       0x60 board/novasis/novasomu/built-in.o
                0x0000000087803d3c                board_init
 .text.board_late_init
                0x0000000087803d9c       0x1c board/novasis/novasomu/built-in.o
                0x0000000087803d9c                board_late_init
 .text.get_board_rev
                0x0000000087803db8        0x4 board/novasis/novasomu/built-in.o
                0x0000000087803db8                get_board_rev
 .text.checkboard
                0x0000000087803dbc       0x18 board/novasis/novasomu/built-in.o
                0x0000000087803dbc                checkboard
 .text.board_usb_phy_mode
                0x0000000087803dd4        0x4 board/novasis/novasomu/built-in.o
                0x0000000087803dd4                board_usb_phy_mode
 .text.board_ehci_hcd_init
                0x0000000087803dd8       0x80 board/novasis/novasomu/built-in.o
                0x0000000087803dd8                board_ehci_hcd_init
 .text.do_go_exec
                0x0000000087803e58       0x10 cmd/built-in.o
                0x0000000087803e58                do_go_exec
 .text.do_go    0x0000000087803e68       0x6c cmd/built-in.o
 .text.do_bootm
                0x0000000087803ed4      0x10c cmd/built-in.o
                0x0000000087803ed4                do_bootm
 .text.do_bootd
                0x0000000087803fe0       0x20 cmd/built-in.o
                0x0000000087803fe0                do_bootd
 .text.image_info
                0x0000000087804000       0xcc cmd/built-in.o
 .text.do_iminfo
                0x00000000878040cc       0x5c cmd/built-in.o
 .text.bootm_maybe_autostart
                0x0000000087804128       0x78 cmd/built-in.o
                0x0000000087804128                bootm_maybe_autostart
 .text.do_bootz
                0x00000000878041a0       0xf8 cmd/built-in.o
                0x00000000878041a0                do_bootz
 .text.do_help  0x0000000087804298       0x44 cmd/built-in.o
 .text.do_version
                0x00000000878042dc       0x38 cmd/built-in.o
 .text.source   0x0000000087804314       0xd8 cmd/built-in.o
                0x0000000087804314                source
 .text.do_source
                0x00000000878043ec       0x48 cmd/built-in.o
 .text.print_num
                0x0000000087804434       0x14 cmd/built-in.o
 .text.do_bdinfo
                0x0000000087804448      0x190 cmd/built-in.o
 .text.do_bmp   0x00000000878045d8       0x58 cmd/built-in.o
 .text.do_bmp_info
                0x0000000087804630      0x10c cmd/built-in.o
 .text.bmp_display
                0x000000008780473c       0x50 cmd/built-in.o
                0x000000008780473c                bmp_display
 .text.do_bmp_display
                0x000000008780478c       0xbc cmd/built-in.o
 .text.parse_argv
                0x0000000087804848       0x64 cmd/built-in.o
 .text.do_icache
                0x00000000878048ac       0x88 cmd/built-in.o
 .text.do_dcache
                0x0000000087804934       0x88 cmd/built-in.o
 .text.do_coninfo
                0x00000000878049bc       0xb0 cmd/built-in.o
 .text.do_echo  0x0000000087804a6c       0xb0 cmd/built-in.o
 .text.load_elf_image_shdr
                0x0000000087804b1c       0x8c cmd/built-in.o
 .text.valid_elf_image
                0x0000000087804ba8       0x4c cmd/built-in.o
                0x0000000087804ba8                valid_elf_image
 .text.do_bootelf
                0x0000000087804bf4      0x1b0 cmd/built-in.o
                0x0000000087804bf4                do_bootelf
 .text.do_bootvx
                0x0000000087804da4      0x330 cmd/built-in.o
                0x0000000087804da4                do_bootvx
 .text.do_exit  0x00000000878050d4       0x3c cmd/built-in.o
 .text.do_ext4_size
                0x0000000087805110       0x18 cmd/built-in.o
                0x0000000087805110                do_ext4_size
 .text.do_ext4_load
                0x0000000087805128       0x18 cmd/built-in.o
                0x0000000087805128                do_ext4_load
 .text.do_ext4_ls
                0x0000000087805140       0x18 cmd/built-in.o
                0x0000000087805140                do_ext4_ls
 .text.do_ext4_write
                0x0000000087805158       0x18 cmd/built-in.o
                0x0000000087805158                do_ext4_write
 .text.do_ext2load
                0x0000000087805170       0x18 cmd/built-in.o
                0x0000000087805170                do_ext2load
 .text.do_ext2ls
                0x0000000087805188       0x18 cmd/built-in.o
 .text.do_fat_size
                0x00000000878051a0       0x18 cmd/built-in.o
                0x00000000878051a0                do_fat_size
 .text.do_fat_fsload
                0x00000000878051b8       0x18 cmd/built-in.o
                0x00000000878051b8                do_fat_fsload
 .text.do_fat_ls
                0x00000000878051d0       0x18 cmd/built-in.o
 .text.do_fat_fsinfo
                0x00000000878051e8       0x90 cmd/built-in.o
 .text.fdt_valid
                0x0000000087805278       0xbc cmd/built-in.o
 .text.is_printable_string
                0x0000000087805334       0x9c cmd/built-in.o
 .text.print_data
                0x00000000878053d0      0x174 cmd/built-in.o
 .text.set_working_fdt_addr
                0x0000000087805544       0x1c cmd/built-in.o
                0x0000000087805544                set_working_fdt_addr
 .text.do_fdt   0x0000000087805560      0xea0 cmd/built-in.o
 .text.do_flerase
                0x0000000087806400        0x8 cmd/built-in.o
 .text.do_protect
                0x0000000087806408       0x10 cmd/built-in.o
 .text.do_flinfo
                0x0000000087806418        0x8 cmd/built-in.o
 .text.do_size_wrapper
                0x0000000087806420       0x18 cmd/built-in.o
 .text.do_load_wrapper
                0x0000000087806438       0x18 cmd/built-in.o
 .text.do_save_wrapper
                0x0000000087806450       0x18 cmd/built-in.o
 .text.do_ls_wrapper
                0x0000000087806468       0x18 cmd/built-in.o
 .text.do_fstype_wrapper
                0x0000000087806480        0x4 cmd/built-in.o
 .text.strtou32
                0x0000000087806484       0x44 cmd/built-in.o
 .text.do_fuse  0x00000000878064c8      0x358 cmd/built-in.o
 .text.name_to_gpio
                0x0000000087806820        0xc cmd/built-in.o
                0x0000000087806820                name_to_gpio
 .text.do_gpio  0x000000008780682c      0x154 cmd/built-in.o
 .text.evalexp  0x0000000087806980       0x78 cmd/built-in.o
 .text.evalstr  0x00000000878069f8       0x6c cmd/built-in.o
 .text.binary_test
                0x0000000087806a64      0x1c0 cmd/built-in.o
 .text.do_itest
                0x0000000087806c24       0x88 cmd/built-in.o
 .text.bin_data_init
                0x0000000087806cac       0x2c cmd/built-in.o
 .text.k_data_save
                0x0000000087806cd8       0x4c cmd/built-in.o
 .text.k_data_restore
                0x0000000087806d24       0x4c cmd/built-in.o
 .text.getcxmodem
                0x0000000087806d70       0x20 cmd/built-in.o
 .text.load_serial_ymodem
                0x0000000087806d90       0xcc cmd/built-in.o
 .text.bin_data_char
                0x0000000087806e5c       0x2c cmd/built-in.o
 .text.chk1.constprop.1
                0x0000000087806e88       0x2c cmd/built-in.o
 .text.s1_sendpacket.constprop.2
                0x0000000087806eb4       0x50 cmd/built-in.o
 .text.load_serial
                0x0000000087806f04      0x1f0 cmd/built-in.o
 .text.do_load_serial
                0x00000000878070f4       0xdc cmd/built-in.o
 .text.do_load_serial_bin
                0x00000000878071d0      0x7a8 cmd/built-in.o
 .text.do_mem_mw
                0x0000000087807978       0xc0 cmd/built-in.o
 .text.do_mem_loop
                0x0000000087807a38       0xec cmd/built-in.o
 .text.do_mem_md
                0x0000000087807b24       0xe4 cmd/built-in.o
 .text.do_mem_cmp
                0x0000000087807c08      0x168 cmd/built-in.o
 .text.do_mem_base
                0x0000000087807d70       0x40 cmd/built-in.o
 .text.do_mem_cp
                0x0000000087807db0       0xd8 cmd/built-in.o
 .text.do_mem_crc
                0x0000000087807e88       0x48 cmd/built-in.o
 .text.do_mem_mtest
                0x0000000087807ed0      0x224 cmd/built-in.o
 .text.mod_mem.isra.0
                0x00000000878080f4      0x16c cmd/built-in.o
 .text.do_mem_mm
                0x0000000087808260        0x8 cmd/built-in.o
 .text.do_mem_nm
                0x0000000087808268        0x8 cmd/built-in.o
 .text.extract_range
                0x0000000087808270       0xe4 cmd/built-in.o
 .text.do_mii   0x0000000087808354      0x8f0 cmd/built-in.o
 .text.do_mdio  0x0000000087808c44      0x4ec cmd/built-in.o
 .text.do_sleep
                0x0000000087809130       0x70 cmd/built-in.o
 .text.do_mmcops
                0x00000000878091a0       0xb8 cmd/built-in.o
 .text.init_mmc_device
                0x0000000087809258       0x54 cmd/built-in.o
 .text.do_mmc_rescan
                0x00000000878092ac       0x24 cmd/built-in.o
 .text.do_mmc_rst_func
                0x00000000878092d0       0xa0 cmd/built-in.o
 .text.do_mmc_partconf
                0x0000000087809370       0xb4 cmd/built-in.o
 .text.do_mmc_boot_resize
                0x0000000087809424       0xcc cmd/built-in.o
 .text.do_mmc_bootbus
                0x00000000878094f0       0xb4 cmd/built-in.o
 .text.do_mmc_hwpartition
                0x00000000878095a4      0x510 cmd/built-in.o
 .text.do_mmc_list
                0x0000000087809ab4       0x14 cmd/built-in.o
 .text.do_mmc_dev
                0x0000000087809ac8      0x134 cmd/built-in.o
 .text.do_mmc_part
                0x0000000087809bfc       0x5c cmd/built-in.o
 .text.do_mmc_erase
                0x0000000087809c58       0xe8 cmd/built-in.o
 .text.do_mmc_write
                0x0000000087809d40      0x100 cmd/built-in.o
 .text.do_mmc_read
                0x0000000087809e40       0xec cmd/built-in.o
 .text.do_mmcinfo
                0x0000000087809f2c      0x370 cmd/built-in.o
 .text.do_mmc_setdsr
                0x000000008780a29c       0xb0 cmd/built-in.o
 .text.netboot_common
                0x000000008780a34c      0x294 cmd/built-in.o
 .text.do_bootp
                0x000000008780a5e0        0xc cmd/built-in.o
 .text.do_dhcp  0x000000008780a5ec        0xc cmd/built-in.o
 .text.do_nfs   0x000000008780a5f8        0xc cmd/built-in.o
 .text.do_tftpb
                0x000000008780a604       0x40 cmd/built-in.o
                0x000000008780a604                do_tftpb
 .text.do_ping  0x000000008780a644       0x78 cmd/built-in.o
 .text.bytes_per_second
                0x000000008780a6bc       0x50 cmd/built-in.o
 .text.do_spi_flash
                0x000000008780a70c      0x868 cmd/built-in.o
 .text.substitute
                0x000000008780af74       0xf0 cmd/built-in.o
 .text.get_arg  0x000000008780b064       0x58 cmd/built-in.o
 .text.regex_sub
                0x000000008780b0bc      0x450 cmd/built-in.o
 .text.do_setexpr
                0x000000008780b50c      0x1a0 cmd/built-in.o
 .text.do_false
                0x000000008780b6ac        0x8 cmd/built-in.o
 .text.do_true  0x000000008780b6b4        0x8 cmd/built-in.o
 .text.do_test  0x000000008780b6bc      0x338 cmd/built-in.o
 .text.usb_get_class_desc
                0x000000008780b9f4       0xbc cmd/built-in.o
 .text.usb_find_device
                0x000000008780bab0       0x3c cmd/built-in.o
 .text.usb_show_tree_graph
                0x000000008780baec      0x228 cmd/built-in.o
 .text.usb_display_class_sub
                0x000000008780bd14      0x170 cmd/built-in.o
 .text.usb_display_string
                0x000000008780be84       0x44 cmd/built-in.o
 .text.usb_display_config
                0x000000008780bec8      0x20c cmd/built-in.o
 .text.do_usbboot
                0x000000008780c0d4        0xc cmd/built-in.o
 .text.usb_display_desc.part.1
                0x000000008780c0e0      0x12c cmd/built-in.o
 .text.do_usb_start
                0x000000008780c20c       0x38 cmd/built-in.o
 .text.usb_show_tree
                0x000000008780c244       0x54 cmd/built-in.o
                0x000000008780c244                usb_show_tree
 .text.do_usb   0x000000008780c298      0x750 cmd/built-in.o
 .text.do_imgextract
                0x000000008780c9e8      0x290 cmd/built-in.o
 .text.do_env_delete
                0x000000008780cc78       0x9c cmd/built-in.o
 .text.do_env_exists
                0x000000008780cd14       0x64 cmd/built-in.o
 .text.do_env_save
                0x000000008780cd78       0x2c cmd/built-in.o
 .text.do_env   0x000000008780cda4       0x68 cmd/built-in.o
 .text.env_print
                0x000000008780ce0c       0xc0 cmd/built-in.o
 .text.do_env_print
                0x000000008780cecc       0xc4 cmd/built-in.o
 .text.do_env_import
                0x000000008780cf90      0x284 cmd/built-in.o
 .text.do_env_default
                0x000000008780d214       0xa8 cmd/built-in.o
 .text._do_env_set.isra.0
                0x000000008780d2bc      0x1bc cmd/built-in.o
 .text.do_env_set
                0x000000008780d478       0x20 cmd/built-in.o
 .text.get_env_id
                0x000000008780d498       0x10 cmd/built-in.o
                0x000000008780d498                get_env_id
 .text.setenv   0x000000008780d4a8       0x60 cmd/built-in.o
                0x000000008780d4a8                setenv
 .text.setenv_ulong
                0x000000008780d508       0x20 cmd/built-in.o
                0x000000008780d508                setenv_ulong
 .text.setenv_hex
                0x000000008780d528       0x34 cmd/built-in.o
                0x000000008780d528                setenv_hex
 .text.do_env_export
                0x000000008780d55c      0x258 cmd/built-in.o
 .text.envmatch
                0x000000008780d7b4       0x6c cmd/built-in.o
                0x000000008780d7b4                envmatch
 .text.getenv_f
                0x000000008780d820       0xc0 cmd/built-in.o
                0x000000008780d820                getenv_f
 .text.getenv   0x000000008780d8e0       0x78 cmd/built-in.o
                0x000000008780d8e0                getenv
 .text.getenv_hex
                0x000000008780d958       0x3c cmd/built-in.o
                0x000000008780d958                getenv_hex
 .text.getenv_ulong
                0x000000008780d994       0x30 cmd/built-in.o
                0x000000008780d994                getenv_ulong
 .text.do_env_edit.part.2
                0x000000008780d9c4       0xa4 cmd/built-in.o
 .text.do_env_edit
                0x000000008780da68       0x2c cmd/built-in.o
 .text.common_diskboot
                0x000000008780da94      0x238 cmd/built-in.o
                0x000000008780da94                common_diskboot
 .text.board_init_f_alloc_reserve
                0x000000008780dccc        0xc common/built-in.o
                0x000000008780dccc                board_init_f_alloc_reserve
 .text.board_init_f_init_reserve
                0x000000008780dcd8       0x20 common/built-in.o
                0x000000008780dcd8                board_init_f_init_reserve
 .text.show_boot_progress
                0x000000008780dcf8        0x4 common/built-in.o
                0x000000008780dcf8                show_boot_progress
 .text.main_loop
                0x000000008780dcfc       0x20 common/built-in.o
                0x000000008780dcfc                main_loop
 .text.dummy    0x000000008780dd1c        0x4 common/built-in.o
 .text.get_version
                0x000000008780dd20        0x8 common/built-in.o
                0x000000008780dd20                get_version
 .text.jumptable_init
                0x000000008780dd28      0x1d0 common/built-in.o
                0x000000008780dd28                jumptable_init
 .text.hash_command
                0x000000008780def8       0xb4 common/built-in.o
                0x000000008780def8                hash_command
 .text.b_reset  0x000000008780dfac       0x1c common/built-in.o
 .text.static_get
                0x000000008780dfc8       0x1c common/built-in.o
 .text.file_peek
                0x000000008780dfe4        0xc common/built-in.o
 .text.mapset   0x000000008780dff0       0x20 common/built-in.o
 .text.syntax_err
                0x000000008780e010        0xc common/built-in.o
 .text.free_pipe_list
                0x000000008780e01c       0xf4 common/built-in.o
 .text.xmalloc  0x000000008780e110       0x20 common/built-in.o
 .text.new_pipe
                0x000000008780e130       0x28 common/built-in.o
 .text.xrealloc
                0x000000008780e158       0x20 common/built-in.o
 .text.done_command
                0x000000008780e178       0x88 common/built-in.o
 .text.done_pipe
                0x000000008780e200       0x48 common/built-in.o
 .text.done_word
                0x000000008780e248      0x2e4 common/built-in.o
 .text.do_showvar
                0x000000008780e52c       0xf4 common/built-in.o
 .text.is_assignment
                0x000000008780e620       0x5c common/built-in.o
 .text.file_get
                0x000000008780e67c      0x1f0 common/built-in.o
 .text.b_addchr
                0x000000008780e86c       0x80 common/built-in.o
 .text.b_addqchr
                0x000000008780e8ec       0x50 common/built-in.o
 .text.static_peek
                0x000000008780e93c        0xc common/built-in.o
 .text.get_local_var
                0x000000008780e948       0xa0 common/built-in.o
                0x000000008780e948                get_local_var
 .text.set_local_var
                0x000000008780e9e8      0x1bc common/built-in.o
                0x000000008780e9e8                set_local_var
 .text.insert_var_value_sub
                0x000000008780eba4      0x2c0 common/built-in.o
 .text.parse_string_outer
                0x000000008780ee64       0xe4 common/built-in.o
                0x000000008780ee64                parse_string_outer
 .text.run_list_real
                0x000000008780ef48      0x7b8 common/built-in.o
 .text.parse_stream_outer
                0x000000008780f700      0x6d0 common/built-in.o
 .text.parse_file_outer
                0x000000008780fdd0       0x44 common/built-in.o
                0x000000008780fdd0                parse_file_outer
 .text.u_boot_hush_start
                0x000000008780fe14       0x54 common/built-in.o
                0x000000008780fe14                u_boot_hush_start
 .text.bootdelay_process
                0x000000008780fe68       0xd0 common/built-in.o
                0x000000008780fe68                bootdelay_process
 .text.autoboot_command
                0x000000008780ff38       0xd0 common/built-in.o
                0x000000008780ff38                autoboot_command
 .text.setup_mon_len
                0x0000000087810008       0x20 common/built-in.o
 .text.reserve_round_4k
                0x0000000087810028       0x18 common/built-in.o
 .text.reserve_mmu
                0x0000000087810040       0x38 common/built-in.o
 .text.reserve_uboot
                0x0000000087810078       0x30 common/built-in.o
 .text.reserve_malloc
                0x00000000878100a8       0x18 common/built-in.o
 .text.reserve_global_data
                0x00000000878100c0       0x1c common/built-in.o
 .text.reserve_fdt
                0x00000000878100dc       0x4c common/built-in.o
 .text.initf_console_record
                0x0000000087810128        0x8 common/built-in.o
 .text.arch_cpu_init_dm
                0x0000000087810130        0x8 common/built-in.o
                0x0000000087810130                arch_cpu_init_dm
 .text.announce_dram_init
                0x0000000087810138       0x18 common/built-in.o
 .text.init_baud_rate
                0x0000000087810150       0x2c common/built-in.o
 .text.mark_bootstage
                0x000000008781017c       0x14 common/built-in.o
 .text.initf_dm
                0x0000000087810190        0x8 common/built-in.o
 .text.setup_reloc
                0x0000000087810198       0x40 common/built-in.o
 .text.reloc_fdt
                0x00000000878101d8       0x44 common/built-in.o
 .text.reserve_board
                0x000000008781021c       0x40 common/built-in.o
 .text.reserve_arch
                0x000000008781025c        0x8 common/built-in.o
                0x000000008781025c                reserve_arch
 .text.display_text_info
                0x0000000087810264        0x8 common/built-in.o
 .text.reserve_trace
                0x000000008781026c        0x8 common/built-in.o
 .text.setup_machine
                0x0000000087810274        0x8 common/built-in.o
 .text.display_new_sp
                0x000000008781027c        0x8 common/built-in.o
 .text.coloured_LED_init
                0x0000000087810284        0x4 common/built-in.o
                0x0000000087810284                coloured_LED_init
 .text.red_led_on
                0x0000000087810288        0x4 common/built-in.o
                0x0000000087810288                red_led_on
 .text.board_add_ram_info
                0x000000008781028c        0x4 common/built-in.o
                0x000000008781028c                board_add_ram_info
 .text.show_dram_config
                0x0000000087810290       0x38 common/built-in.o
 .text.dram_init_banksize
                0x00000000878102c8       0x20 common/built-in.o
                0x00000000878102c8                dram_init_banksize
 .text.setup_dram_config
                0x00000000878102e8       0x10 common/built-in.o
 .text.board_get_usable_ram_top
                0x00000000878102f8       0x14 common/built-in.o
                0x00000000878102f8                board_get_usable_ram_top
 .text.board_reserve_ram_top
                0x000000008781030c        0x4 common/built-in.o
                0x000000008781030c                board_reserve_ram_top
 .text.setup_dest_addr
                0x0000000087810310       0x4c common/built-in.o
 .text.reserve_stacks
                0x000000008781035c       0x1c common/built-in.o
 .text.board_init_f
                0x0000000087810378       0x28 common/built-in.o
                0x0000000087810378                board_init_f
 .text.bootstage_relocate
                0x00000000878103a0        0x8 common/built-in.o
 .text.initr_reloc
                0x00000000878103a8       0x18 common/built-in.o
 .text.initr_reloc_global_data
                0x00000000878103c0       0x28 common/built-in.o
 .text.initr_announce
                0x00000000878103e8        0x8 common/built-in.o
 .text.run_main_loop
                0x00000000878103f0        0xc common/built-in.o
 .text.initr_net
                0x00000000878103fc       0x1c common/built-in.o
 .text.initr_ethaddr
                0x0000000087810418       0x20 common/built-in.o
 .text.initr_enable_interrupts
                0x0000000087810438       0x10 common/built-in.o
 .text.initr_jumptable
                0x0000000087810448       0x10 common/built-in.o
 .text.initr_env
                0x0000000087810458       0x30 common/built-in.o
 .text.initr_mmc
                0x0000000087810488       0x20 common/built-in.o
 .text.initr_serial
                0x00000000878104a8       0x10 common/built-in.o
 .text.initr_bootstage
                0x00000000878104b8       0x14 common/built-in.o
 .text.initr_dm
                0x00000000878104cc       0x14 common/built-in.o
 .text.initr_malloc
                0x00000000878104e0       0x24 common/built-in.o
 .text.initr_caches
                0x0000000087810504       0x10 common/built-in.o
 .text.initr_console_record
                0x0000000087810514        0x8 common/built-in.o
 .text.initr_trace
                0x000000008781051c        0x8 common/built-in.o
 .text.initr_barrier
                0x0000000087810524        0x8 common/built-in.o
 .text.cpu_secondary_init_r
                0x000000008781052c        0x4 common/built-in.o
                0x000000008781052c                cpu_secondary_init_r
 .text.initr_secondary_cpu
                0x0000000087810530       0x10 common/built-in.o
 .text.board_init_r
                0x0000000087810540       0x14 common/built-in.o
                0x0000000087810540                board_init_r
 .text.show_board_info
                0x0000000087810554        0x4 common/built-in.o
                0x0000000087810554                show_board_info
 .text.bootm_find_images
                0x0000000087810558       0xa8 common/built-in.o
                0x0000000087810558                bootm_find_images
 .text.bootm_decomp_image
                0x0000000087810600      0x14c common/built-in.o
                0x0000000087810600                bootm_decomp_image
 .text.bootm_disable_interrupts
                0x000000008781074c       0x18 common/built-in.o
                0x000000008781074c                bootm_disable_interrupts
 .text.do_bootm_states
                0x0000000087810764      0x750 common/built-in.o
                0x0000000087810764                do_bootm_states
 .text.copy_args
                0x0000000087810eb4       0x50 common/built-in.o
 .text.do_bootm_rtems
                0x0000000087810f04       0x40 common/built-in.o
 .text.do_bootm_plan9
                0x0000000087810f44       0xa4 common/built-in.o
 .text.do_bootm_standalone
                0x0000000087810fe8       0x64 common/built-in.o
 .text.do_bootm_qnxelf
                0x000000008781104c       0x5c common/built-in.o
 .text.do_bootm_netbsd
                0x00000000878110a8       0xf8 common/built-in.o
 .text.do_bootvx_fdt
                0x00000000878111a0      0x118 common/built-in.o
                0x00000000878111a0                do_bootvx_fdt
 .text.do_bootm_vxworks
                0x00000000878112b8       0x24 common/built-in.o
 .text.boot_selected_os
                0x00000000878112dc       0x58 common/built-in.o
                0x00000000878112dc                boot_selected_os
 .text.bootm_os_get_boot_func
                0x0000000087811334       0x10 common/built-in.o
                0x0000000087811334                bootm_os_get_boot_func
 .text.regex_callback
                0x0000000087811344      0x134 common/built-in.o
 .text.env_attr_walk
                0x0000000087811478      0x128 common/built-in.o
                0x0000000087811478                env_attr_walk
 .text.env_attr_lookup
                0x00000000878115a0       0x84 common/built-in.o
                0x00000000878115a0                env_attr_lookup
 .text.clear_callback
                0x0000000087811624       0x10 common/built-in.o
 .text.find_env_callback
                0x0000000087811634       0x64 common/built-in.o
 .text.on_callbacks
                0x0000000087811698       0x50 common/built-in.o
 .text.set_callback
                0x00000000878116e8       0x98 common/built-in.o
 .text.env_callback_init
                0x0000000087811780       0xc4 common/built-in.o
                0x0000000087811780                env_callback_init
 .text.skip_num
                0x0000000087811844       0x78 common/built-in.o
 .text.clear_flags
                0x00000000878118bc       0x10 common/built-in.o
 .text.on_flags
                0x00000000878118cc       0x50 common/built-in.o
 .text.env_flags_parse_vartype
                0x000000008781191c       0x50 common/built-in.o
                0x000000008781191c                env_flags_parse_vartype
 .text.env_flags_parse_varaccess
                0x000000008781196c       0x58 common/built-in.o
                0x000000008781196c                env_flags_parse_varaccess
 .text.set_flags
                0x00000000878119c4       0xb0 common/built-in.o
 .text.eth_validate_ethaddr_str
                0x0000000087811a74       0x94 common/built-in.o
                0x0000000087811a74                eth_validate_ethaddr_str
 .text.env_flags_init
                0x0000000087811b08       0xd8 common/built-in.o
                0x0000000087811b08                env_flags_init
 .text.env_flags_validate
                0x0000000087811be0      0x2b8 common/built-in.o
                0x0000000087811be0                env_flags_validate
 .text.mmc_get_env_addr
                0x0000000087811e98       0x10 common/built-in.o
                0x0000000087811e98                mmc_get_env_addr
 .text.fini_mmc_for_env.isra.0
                0x0000000087811ea8       0x1c common/built-in.o
 .text.env_init
                0x0000000087811ec4       0x1c common/built-in.o
                0x0000000087811ec4                env_init
 .text.init_mmc_for_env
                0x0000000087811ee0       0x78 common/built-in.o
 .text.saveenv  0x0000000087811f58      0x114 common/built-in.o
                0x0000000087811f58                saveenv
 .text.env_relocate_spec
                0x000000008781206c       0xe0 common/built-in.o
                0x000000008781206c                env_relocate_spec
 .text.fdt_find_and_setprop
                0x000000008781214c       0x70 common/built-in.o
                0x000000008781214c                fdt_find_and_setprop
 .text.fdt_find_or_add_subnode
                0x00000000878121bc       0x60 common/built-in.o
                0x00000000878121bc                fdt_find_or_add_subnode
 .text.fdt_root
                0x000000008781221c       0x90 common/built-in.o
                0x000000008781221c                fdt_root
 .text.fdt_initrd
                0x00000000878122ac      0x1cc common/built-in.o
                0x00000000878122ac                fdt_initrd
 .text.fdt_chosen
                0x0000000087812478       0xa8 common/built-in.o
                0x0000000087812478                fdt_chosen
 .text.do_fixup_by_path
                0x0000000087812520       0x54 common/built-in.o
                0x0000000087812520                do_fixup_by_path
 .text.fdt_fixup_memory_banks
                0x0000000087812574      0x1b0 common/built-in.o
                0x0000000087812574                fdt_fixup_memory_banks
 .text.fdt_fixup_memory
                0x0000000087812724       0x20 common/built-in.o
                0x0000000087812724                fdt_fixup_memory
 .text.fdt_fixup_ethernet
                0x0000000087812744      0x174 common/built-in.o
                0x0000000087812744                fdt_fixup_ethernet
 .text.fdt_shrink_to_minimum
                0x00000000878128b8       0xcc common/built-in.o
                0x00000000878128b8                fdt_shrink_to_minimum
 .text.fdt_increase_size
                0x0000000087812984       0x14 common/built-in.o
                0x0000000087812984                fdt_increase_size
 .text.miiphy_get_dev_by_name
                0x0000000087812998       0x60 common/built-in.o
                0x0000000087812998                miiphy_get_dev_by_name
 .text.miiphy_init
                0x00000000878129f8       0x24 common/built-in.o
                0x00000000878129f8                miiphy_init
 .text.mdio_alloc
                0x0000000087812a1c       0x30 common/built-in.o
                0x0000000087812a1c                mdio_alloc
 .text.mdio_register
                0x0000000087812a4c       0x94 common/built-in.o
                0x0000000087812a4c                mdio_register
 .text.mdio_unregister
                0x0000000087812ae0       0x3c common/built-in.o
                0x0000000087812ae0                mdio_unregister
 .text.mdio_list_devices
                0x0000000087812b1c       0x98 common/built-in.o
                0x0000000087812b1c                mdio_list_devices
 .text.miiphy_set_current_dev
                0x0000000087812bb4       0x40 common/built-in.o
                0x0000000087812bb4                miiphy_set_current_dev
 .text.miiphy_get_active_dev
                0x0000000087812bf4       0x54 common/built-in.o
 .text.mdio_get_current_dev
                0x0000000087812c48       0x10 common/built-in.o
                0x0000000087812c48                mdio_get_current_dev
 .text.mdio_phydev_for_ethname
                0x0000000087812c58       0x88 common/built-in.o
                0x0000000087812c58                mdio_phydev_for_ethname
 .text.miiphy_get_current_dev
                0x0000000087812ce0       0x18 common/built-in.o
                0x0000000087812ce0                miiphy_get_current_dev
 .text.miiphy_read
                0x0000000087812cf8       0x4c common/built-in.o
                0x0000000087812cf8                miiphy_read
 .text.miiphy_write
                0x0000000087812d44       0x40 common/built-in.o
                0x0000000087812d44                miiphy_write
 .text.miiphy_listdev
                0x0000000087812d84       0x74 common/built-in.o
                0x0000000087812d84                miiphy_listdev
 .text.miiphy_info
                0x0000000087812df8       0x88 common/built-in.o
                0x0000000087812df8                miiphy_info
 .text.miiphy_speed
                0x0000000087812e80       0x94 common/built-in.o
                0x0000000087812e80                miiphy_speed
 .text.miiphy_duplex
                0x0000000087812f14       0x94 common/built-in.o
                0x0000000087812f14                miiphy_duplex
 .text.miiphy_is_1000base_x
                0x0000000087812fa8        0x8 common/built-in.o
                0x0000000087812fa8                miiphy_is_1000base_x
 .text.usb_set_maxpacket_ep
                0x0000000087812fb0       0x70 common/built-in.o
 .text.usb_stop
                0x0000000087813020       0x64 common/built-in.o
                0x0000000087813020                usb_stop
 .text.usb_disable_asynch
                0x0000000087813084       0x20 common/built-in.o
                0x0000000087813084                usb_disable_asynch
 .text.usb_control_msg
                0x00000000878130a4       0xc0 common/built-in.o
                0x00000000878130a4                usb_control_msg
 .text.usb_get_descriptor
                0x0000000087813164       0x58 common/built-in.o
 .text.get_descriptor_len
                0x00000000878131bc       0x90 common/built-in.o
 .text.usb_get_string
                0x000000008781324c       0x70 common/built-in.o
 .text.usb_string_sub
                0x00000000878132bc      0x108 common/built-in.o
 .text.usb_bulk_msg
                0x00000000878133c4       0x70 common/built-in.o
                0x00000000878133c4                usb_bulk_msg
 .text.usb_maxpacket
                0x0000000087813434       0x1c common/built-in.o
                0x0000000087813434                usb_maxpacket
 .text.usb_clear_halt
                0x0000000087813450       0x90 common/built-in.o
                0x0000000087813450                usb_clear_halt
 .text.usb_get_configuration_len
                0x00000000878134e0       0x74 common/built-in.o
                0x00000000878134e0                usb_get_configuration_len
 .text.usb_get_configuration_no
                0x0000000087813554       0x34 common/built-in.o
                0x0000000087813554                usb_get_configuration_no
 .text.usb_set_interface
                0x0000000087813588       0xb4 common/built-in.o
                0x0000000087813588                usb_set_interface
 .text.usb_string
                0x000000008781363c      0x100 common/built-in.o
                0x000000008781363c                usb_string
 .text.usb_get_dev_index
                0x000000008781373c       0x24 common/built-in.o
                0x000000008781373c                usb_get_dev_index
 .text.usb_alloc_new_device
                0x0000000087813760       0x9c common/built-in.o
                0x0000000087813760                usb_alloc_new_device
 .text.usb_free_device
                0x00000000878137fc       0x48 common/built-in.o
                0x00000000878137fc                usb_free_device
 .text.usb_alloc_device
                0x0000000087813844        0x8 common/built-in.o
                0x0000000087813844                usb_alloc_device
 .text.usb_select_config
                0x000000008781384c      0x45c common/built-in.o
                0x000000008781384c                usb_select_config
 .text.usb_setup_device
                0x0000000087813ca8      0x19c common/built-in.o
                0x0000000087813ca8                usb_setup_device
 .text.usb_new_device
                0x0000000087813e44       0x34 common/built-in.o
                0x0000000087813e44                usb_new_device
 .text.usb_init
                0x0000000087813e78      0x148 common/built-in.o
                0x0000000087813e78                usb_init
 .text.usb_device_has_child_on_port
                0x0000000087813fc0       0x14 common/built-in.o
                0x0000000087813fc0                usb_device_has_child_on_port
 .text.usb_find_usb2_hub_address_port
                0x0000000087813fd4       0x5c common/built-in.o
                0x0000000087813fd4                usb_find_usb2_hub_address_port
 .text.usb_set_port_feature
                0x0000000087814030       0x4c common/built-in.o
 .text.usb_clear_port_feature
                0x000000008781407c       0x4c common/built-in.o
 .text.usb_get_hub_descriptor
                0x00000000878140c8       0x4c common/built-in.o
 .text.usb_hub_power_on
                0x0000000087814114       0x6c common/built-in.o
 .text.usb_hub_reset_devices
                0x0000000087814180        0x4 common/built-in.o
                0x0000000087814180                usb_hub_reset_devices
 .text.usb_get_port_status
                0x0000000087814184       0x4c common/built-in.o
                0x0000000087814184                usb_get_port_status
 .text.usb_hub_reset
                0x00000000878141d0       0x14 common/built-in.o
                0x00000000878141d0                usb_hub_reset
 .text.legacy_hub_port_reset
                0x00000000878141e4       0xa0 common/built-in.o
                0x00000000878141e4                legacy_hub_port_reset
 .text.usb_hub_port_connect_change
                0x0000000087814284      0x16c common/built-in.o
                0x0000000087814284                usb_hub_port_connect_change
 .text.usb_hub_configure
                0x00000000878143f0      0x2cc common/built-in.o
 .text.usb_hub_probe
                0x00000000878146bc       0x54 common/built-in.o
                0x00000000878146bc                usb_hub_probe
 .text.usb_stor_irq
                0x0000000087814710       0x1c common/built-in.o
 .text.usb_stor_BBB_reset
                0x000000008781472c       0xd0 common/built-in.o
 .text.usb_stor_CB_reset
                0x00000000878147fc       0xd0 common/built-in.o
 .text.usb_stor_BBB_clear_endpt_stall.isra.0
                0x00000000878148cc       0x40 common/built-in.o
 .text.usb_stor_BBB_transport
                0x000000008781490c      0x25c common/built-in.o
 .text.usb_stor_CB_comdat
                0x0000000087814b68      0x204 common/built-in.o
 .text.usb_stor_CBI_get_status.isra.2
                0x0000000087814d6c       0xc8 common/built-in.o
 .text.usb_stor_CB_transport
                0x0000000087814e34      0x228 common/built-in.o
 .text.usb_request_sense.constprop.8
                0x000000008781505c       0x70 common/built-in.o
 .text.usb_stor_read
                0x00000000878150cc      0x188 common/built-in.o
 .text.usb_stor_write
                0x0000000087815254      0x188 common/built-in.o
 .text.usb_stor_get_dev
                0x00000000878153dc       0x28 common/built-in.o
                0x00000000878153dc                usb_stor_get_dev
 .text.usb_stor_info
                0x0000000087815404       0x74 common/built-in.o
                0x0000000087815404                usb_stor_info
 .text.usb_storage_probe
                0x0000000087815478      0x204 common/built-in.o
                0x0000000087815478                usb_storage_probe
 .text.usb_stor_get_info
                0x000000008781567c      0x31c common/built-in.o
                0x000000008781567c                usb_stor_get_info
 .text.usb_stor_scan
                0x0000000087815998      0x1f8 common/built-in.o
                0x0000000087815998                usb_stor_scan
 .text.splash_screen_prepare
                0x0000000087815b90        0x8 common/built-in.o
                0x0000000087815b90                splash_screen_prepare
 .text.splash_get_pos
                0x0000000087815b98       0x88 common/built-in.o
                0x0000000087815b98                splash_get_pos
 .text.env_get_char_spec
                0x0000000087815c20        0xc common/built-in.o
                0x0000000087815c20                env_get_char_spec
 .text.env_get_addr
                0x0000000087815c2c       0x20 common/built-in.o
                0x0000000087815c2c                env_get_addr
 .text.env_get_char_memory
                0x0000000087815c4c       0x10 common/built-in.o
                0x0000000087815c4c                env_get_char_memory
 .text.env_get_char
                0x0000000087815c5c       0x30 common/built-in.o
                0x0000000087815c5c                env_get_char
 .text.getenv_yesno
                0x0000000087815c8c       0x40 common/built-in.o
                0x0000000087815c8c                getenv_yesno
 .text.getenv_default
                0x0000000087815ccc       0x30 common/built-in.o
                0x0000000087815ccc                getenv_default
 .text.set_default_env
                0x0000000087815cfc       0xc0 common/built-in.o
                0x0000000087815cfc                set_default_env
 .text.set_default_vars
                0x0000000087815dbc       0x38 common/built-in.o
                0x0000000087815dbc                set_default_vars
 .text.env_import
                0x0000000087815df4       0xdc common/built-in.o
                0x0000000087815df4                env_import
 .text.env_export
                0x0000000087815ed0       0xa0 common/built-in.o
                0x0000000087815ed0                env_export
 .text.env_relocate
                0x0000000087815f70       0x2c common/built-in.o
                0x0000000087815f70                env_relocate
 .text.env_complete
                0x0000000087815f9c       0xf0 common/built-in.o
                0x0000000087815f9c                env_complete
 .text.console_setfile
                0x000000008781608c       0xc0 common/built-in.o
 .text.serial_printf
                0x000000008781614c       0x44 common/built-in.o
                0x000000008781614c                serial_printf
 .text.putc     0x0000000087816190       0x34 common/built-in.o
                0x0000000087816190                putc
 .text.puts     0x00000000878161c4       0x34 common/built-in.o
                0x00000000878161c4                puts
 .text.fgetc    0x00000000878161f8       0x24 common/built-in.o
                0x00000000878161f8                fgetc
 .text.getc     0x000000008781621c       0x24 common/built-in.o
                0x000000008781621c                getc
 .text.ftstc    0x0000000087816240       0x24 common/built-in.o
                0x0000000087816240                ftstc
 .text.tstc     0x0000000087816264       0x24 common/built-in.o
                0x0000000087816264                tstc
 .text.ctrlc    0x0000000087816288       0x58 common/built-in.o
                0x0000000087816288                ctrlc
 .text.confirm_yesno
                0x00000000878162e0       0xd4 common/built-in.o
                0x00000000878162e0                confirm_yesno
 .text.had_ctrlc
                0x00000000878163b4       0x10 common/built-in.o
                0x00000000878163b4                had_ctrlc
 .text.clear_ctrlc
                0x00000000878163c4       0x14 common/built-in.o
                0x00000000878163c4                clear_ctrlc
 .text.search_device
                0x00000000878163d8       0x28 common/built-in.o
                0x00000000878163d8                search_device
 .text.console_assign
                0x0000000087816400       0x48 common/built-in.o
                0x0000000087816400                console_assign
 .text.on_console
                0x0000000087816448       0xb8 common/built-in.o
 .text.console_init_f
                0x0000000087816500       0x10 common/built-in.o
                0x0000000087816500                console_init_f
 .text.stdio_print_current_devices
                0x0000000087816510       0xb0 common/built-in.o
                0x0000000087816510                stdio_print_current_devices
 .text.console_init_r
                0x00000000878165c0      0x180 common/built-in.o
                0x00000000878165c0                console_init_r
 .text.sbrk     0x0000000087816740       0x6c common/built-in.o
                0x0000000087816740                sbrk
 .text.mem_malloc_init
                0x00000000878167ac       0x34 common/built-in.o
                0x00000000878167ac                mem_malloc_init
 .text.malloc_trim
                0x00000000878167e0       0xcc common/built-in.o
                0x00000000878167e0                malloc_trim
 .text.free     0x00000000878168ac      0x24c common/built-in.o
                0x00000000878168ac                free
 .text.malloc   0x0000000087816af8      0x628 common/built-in.o
                0x0000000087816af8                malloc
 .text.calloc   0x0000000087817120      0x144 common/built-in.o
                0x0000000087817120                calloc
 .text.realloc  0x0000000087817264      0x4e0 common/built-in.o
                0x0000000087817264                realloc
 .text.memalign
                0x0000000087817744      0x140 common/built-in.o
                0x0000000087817744                memalign
 .text.initf_malloc
                0x0000000087817884       0x18 common/built-in.o
                0x0000000087817884                initf_malloc
 .text.malloc_simple
                0x000000008781789c       0x30 common/built-in.o
                0x000000008781789c                malloc_simple
 .text.on_loadaddr
                0x00000000878178cc       0x38 common/built-in.o
 .text.image_check_hcrc
                0x0000000087817904       0x4c common/built-in.o
                0x0000000087817904                image_check_hcrc
 .text.image_check_dcrc
                0x0000000087817950       0x38 common/built-in.o
                0x0000000087817950                image_check_dcrc
 .text.image_multi_count
                0x0000000087817988       0x1c common/built-in.o
                0x0000000087817988                image_multi_count
 .text.image_multi_getimg
                0x00000000878179a4       0x80 common/built-in.o
                0x00000000878179a4                image_multi_getimg
 .text.getenv_bootm_low
                0x0000000087817a24       0x30 common/built-in.o
                0x0000000087817a24                getenv_bootm_low
 .text.getenv_bootm_size
                0x0000000087817a54       0x68 common/built-in.o
                0x0000000087817a54                getenv_bootm_size
 .text.getenv_bootm_mapsize
                0x0000000087817abc       0x30 common/built-in.o
                0x0000000087817abc                getenv_bootm_mapsize
 .text.memmove_wd
                0x0000000087817aec        0xc common/built-in.o
                0x0000000087817aec                memmove_wd
 .text.genimg_print_size
                0x0000000087817af8       0x30 common/built-in.o
                0x0000000087817af8                genimg_print_size
 .text.get_table_entry
                0x0000000087817b28       0x24 common/built-in.o
                0x0000000087817b28                get_table_entry
 .text.get_table_entry_name
                0x0000000087817b4c       0x20 common/built-in.o
                0x0000000087817b4c                get_table_entry_name
 .text.genimg_get_os_name
                0x0000000087817b6c       0x18 common/built-in.o
                0x0000000087817b6c                genimg_get_os_name
 .text.genimg_get_arch_name
                0x0000000087817b84       0x18 common/built-in.o
                0x0000000087817b84                genimg_get_arch_name
 .text.genimg_get_type_name
                0x0000000087817b9c       0x18 common/built-in.o
                0x0000000087817b9c                genimg_get_type_name
 .text.genimg_get_comp_name
                0x0000000087817bb4       0x18 common/built-in.o
                0x0000000087817bb4                genimg_get_comp_name
 .text.image_print_contents
                0x0000000087817bcc      0x178 common/built-in.o
                0x0000000087817bcc                image_print_contents
 .text.genimg_get_kernel_addr_fit
                0x0000000087817d44       0x24 common/built-in.o
                0x0000000087817d44                genimg_get_kernel_addr_fit
 .text.genimg_get_format
                0x0000000087817d68       0x34 common/built-in.o
                0x0000000087817d68                genimg_get_format
 .text.genimg_get_image
                0x0000000087817d9c        0x4 common/built-in.o
                0x0000000087817d9c                genimg_get_image
 .text.genimg_has_config
                0x0000000087817da0        0x8 common/built-in.o
                0x0000000087817da0                genimg_has_config
 .text.boot_get_ramdisk
                0x0000000087817da8      0x274 common/built-in.o
                0x0000000087817da8                boot_get_ramdisk
 .text.boot_ramdisk_high
                0x000000008781801c      0x138 common/built-in.o
                0x000000008781801c                boot_ramdisk_high
 .text.boot_get_setup
                0x0000000087818154        0x8 common/built-in.o
                0x0000000087818154                boot_get_setup
 .text.image_setup_linux
                0x000000008781815c       0x8c common/built-in.o
                0x000000008781815c                image_setup_linux
 .text.fdt_error
                0x00000000878181e8       0x2c common/built-in.o
 .text.boot_fdt_add_mem_rsv_regions
                0x0000000087818214       0x88 common/built-in.o
                0x0000000087818214                boot_fdt_add_mem_rsv_regions
 .text.boot_relocate_fdt
                0x000000008781829c      0x198 common/built-in.o
                0x000000008781829c                boot_relocate_fdt
 .text.boot_get_fdt
                0x0000000087818434      0x2ac common/built-in.o
                0x0000000087818434                boot_get_fdt
 .text.ft_verify_fdt
                0x00000000878186e0        0x8 common/built-in.o
                0x00000000878186e0                ft_verify_fdt
 .text.image_setup_libfdt
                0x00000000878186e8      0x12c common/built-in.o
                0x00000000878186e8                image_setup_libfdt
 .text.get_effective_memsize
                0x0000000087818814        0x8 common/built-in.o
                0x0000000087818814                get_effective_memsize
 .text.nulldev_putc
                0x000000008781881c        0x4 common/built-in.o
 .text.nulldev_puts
                0x0000000087818820        0x4 common/built-in.o
 .text.nulldev_input
                0x0000000087818824        0x8 common/built-in.o
 .text.stdio_serial_tstc
                0x000000008781882c        0x4 common/built-in.o
 .text.stdio_serial_getc
                0x0000000087818830        0x4 common/built-in.o
 .text.stdio_serial_puts
                0x0000000087818834        0x8 common/built-in.o
 .text.stdio_serial_putc
                0x000000008781883c        0x8 common/built-in.o
 .text.stdio_get_list
                0x0000000087818844        0xc common/built-in.o
                0x0000000087818844                stdio_get_list
 .text.stdio_get_by_name
                0x0000000087818850       0x5c common/built-in.o
                0x0000000087818850                stdio_get_by_name
 .text.stdio_clone
                0x00000000878188ac       0x38 common/built-in.o
                0x00000000878188ac                stdio_clone
 .text.stdio_register_dev
                0x00000000878188e4       0x50 common/built-in.o
                0x00000000878188e4                stdio_register_dev
 .text.stdio_register
                0x0000000087818934        0x8 common/built-in.o
                0x0000000087818934                stdio_register
 .text.stdio_init_tables
                0x000000008781893c       0x1c common/built-in.o
                0x000000008781893c                stdio_init_tables
 .text.stdio_add_devices
                0x0000000087818958       0xd0 common/built-in.o
                0x0000000087818958                stdio_add_devices
 .text.run_command
                0x0000000087818a28       0x10 common/built-in.o
                0x0000000087818a28                run_command
 .text.run_command_list
                0x0000000087818a38       0x7c common/built-in.o
                0x0000000087818a38                run_command_list
 .text.do_run   0x0000000087818ab4       0x78 common/built-in.o
                0x0000000087818ab4                do_run
 .text.cli_loop
                0x0000000087818b2c        0xc common/built-in.o
                0x0000000087818b2c                cli_loop
 .text.cli_init
                0x0000000087818b38        0x4 common/built-in.o
                0x0000000087818b38                cli_init
 .text.delete_char.part.0
                0x0000000087818b3c       0xd0 common/built-in.o
 .text.cread_add_char
                0x0000000087818c0c       0xe8 common/built-in.o
 .text.cli_readline_into_buffer
                0x0000000087818cf4      0x9c0 common/built-in.o
                0x0000000087818cf4                cli_readline_into_buffer
 .text.cli_readline
                0x00000000878196b4       0x14 common/built-in.o
                0x00000000878196b4                cli_readline
 .text.find_cmd_tbl
                0x00000000878196c8       0xa4 common/built-in.o
                0x00000000878196c8                find_cmd_tbl
 .text.find_cmd
                0x000000008781976c       0x28 common/built-in.o
                0x000000008781976c                find_cmd
 .text.cmd_usage
                0x0000000087819794       0x5c common/built-in.o
                0x0000000087819794                cmd_usage
 .text._do_help
                0x00000000878197f0      0x178 common/built-in.o
                0x00000000878197f0                _do_help
 .text.var_complete
                0x0000000087819968       0x84 common/built-in.o
                0x0000000087819968                var_complete
 .text.cmd_auto_complete
                0x00000000878199ec      0x4b4 common/built-in.o
                0x00000000878199ec                cmd_auto_complete
 .text.cmd_get_data_size
                0x0000000087819ea0       0x5c common/built-in.o
                0x0000000087819ea0                cmd_get_data_size
 .text.cmd_process
                0x0000000087819efc       0xec common/built-in.o
                0x0000000087819efc                cmd_process
 .text.cmd_process_error
                0x0000000087819fe8       0x30 common/built-in.o
                0x0000000087819fe8                cmd_process_error
 .text.hex1_bin
                0x000000008781a018       0x40 common/built-in.o
 .text.hex2_bin
                0x000000008781a058       0x38 common/built-in.o
 .text.srec_decode
                0x000000008781a090      0x254 common/built-in.o
                0x000000008781a090                srec_decode
 .text.CYGACC_COMM_IF_GETC_TIMEOUT.isra.0
                0x000000008781a2e4       0x5c common/built-in.o
 .text.xyzModem_flush
                0x000000008781a340       0x1c common/built-in.o
 .text.xyzModem_get_hdr
                0x000000008781a35c      0x230 common/built-in.o
 .text.xyzModem_stream_open
                0x000000008781a58c      0x224 common/built-in.o
                0x000000008781a58c                xyzModem_stream_open
 .text.xyzModem_stream_read
                0x000000008781a7b0      0x254 common/built-in.o
                0x000000008781a7b0                xyzModem_stream_read
 .text.xyzModem_stream_close
                0x000000008781aa04       0x54 common/built-in.o
                0x000000008781aa04                xyzModem_stream_close
 .text.xyzModem_stream_terminate
                0x000000008781aa58       0x94 common/built-in.o
                0x000000008781aa58                xyzModem_stream_terminate
 .text.xyzModem_error
                0x000000008781aaec       0x20 common/built-in.o
                0x000000008781aaec                xyzModem_error
 .text.get_dev_hwpart
                0x000000008781ab0c       0xa8 disk/built-in.o
 .text.dev_print
                0x000000008781abb4      0x20c disk/built-in.o
                0x000000008781abb4                dev_print
 .text.init_part
                0x000000008781adc0       0x20 disk/built-in.o
                0x000000008781adc0                init_part
 .text.print_part
                0x000000008781ade0       0xf4 disk/built-in.o
                0x000000008781ade0                print_part
 .text.get_partition_info
                0x000000008781aed4       0x2c disk/built-in.o
                0x000000008781aed4                get_partition_info
 .text.get_device
                0x000000008781af00      0x128 disk/built-in.o
                0x000000008781af00                get_device
 .text.get_device_and_partition
                0x000000008781b028      0x3f8 disk/built-in.o
                0x000000008781b028                get_device_and_partition
 .text.test_block_type
                0x000000008781b420       0x84 disk/built-in.o
 .text.print_partition_extended
                0x000000008781b4a4      0x274 disk/built-in.o
 .text.get_partition_info_extended.constprop.1
                0x000000008781b718      0x2fc disk/built-in.o
 .text.test_part_dos
                0x000000008781ba14       0x60 disk/built-in.o
                0x000000008781ba14                test_part_dos
 .text.print_part_dos
                0x000000008781ba74       0x34 disk/built-in.o
                0x000000008781ba74                print_part_dos
 .text.get_partition_info_dos
                0x000000008781baa8       0x20 disk/built-in.o
                0x000000008781baa8                get_partition_info_dos
 .text.alloc_priv
                0x000000008781bac8       0x48 drivers/built-in.o
 .text.device_bind
                0x000000008781bb10      0x304 drivers/built-in.o
                0x000000008781bb10                device_bind
 .text.device_bind_by_name
                0x000000008781be14       0x60 drivers/built-in.o
                0x000000008781be14                device_bind_by_name
 .text.device_probe
                0x000000008781be74      0x234 drivers/built-in.o
                0x000000008781be74                device_probe
 .text.lists_driver_lookup_name
                0x000000008781c0a8       0x4c drivers/built-in.o
                0x000000008781c0a8                lists_driver_lookup_name
 .text.lists_uclass_lookup
                0x000000008781c0f4       0x3c drivers/built-in.o
                0x000000008781c0f4                lists_uclass_lookup
 .text.lists_bind_drivers
                0x000000008781c130       0x88 drivers/built-in.o
                0x000000008781c130                lists_bind_drivers
 .text.dm_root  0x000000008781c1b8       0x2c drivers/built-in.o
                0x000000008781c1b8                dm_root
 .text.dm_init  0x000000008781c1e4       0x58 drivers/built-in.o
                0x000000008781c1e4                dm_init
 .text.dm_scan_platdata
                0x000000008781c23c       0x2c drivers/built-in.o
                0x000000008781c23c                dm_scan_platdata
 .text.dm_scan_other
                0x000000008781c268        0x8 drivers/built-in.o
                0x000000008781c268                dm_scan_other
 .text.dm_init_and_scan
                0x000000008781c270       0x30 drivers/built-in.o
                0x000000008781c270                dm_init_and_scan
 .text.uclass_find
                0x000000008781c2a0       0x4c drivers/built-in.o
                0x000000008781c2a0                uclass_find
 .text.uclass_get
                0x000000008781c2ec      0x124 drivers/built-in.o
                0x000000008781c2ec                uclass_get
 .text.uclass_find_device_by_seq
                0x000000008781c410       0x7c drivers/built-in.o
                0x000000008781c410                uclass_find_device_by_seq
 .text.uclass_bind_device
                0x000000008781c48c       0x7c drivers/built-in.o
                0x000000008781c48c                uclass_bind_device
 .text.uclass_unbind_device
                0x000000008781c508       0x4c drivers/built-in.o
                0x000000008781c508                uclass_unbind_device
 .text.uclass_resolve_seq
                0x000000008781c554       0xb0 drivers/built-in.o
                0x000000008781c554                uclass_resolve_seq
 .text.uclass_pre_probe_device
                0x000000008781c604       0x64 drivers/built-in.o
                0x000000008781c604                uclass_pre_probe_device
 .text.uclass_post_probe_device
                0x000000008781c668       0x20 drivers/built-in.o
                0x000000008781c668                uclass_post_probe_device
 .text.uclass_pre_remove_device
                0x000000008781c688       0x20 drivers/built-in.o
                0x000000008781c688                uclass_pre_remove_device
 .text.dm_warn  0x000000008781c6a8       0x28 drivers/built-in.o
                0x000000008781c6a8                dm_warn
 .text.device_free
                0x000000008781c6d0       0x90 drivers/built-in.o
                0x000000008781c6d0                device_free
 .text.device_remove
                0x000000008781c760      0x138 drivers/built-in.o
                0x000000008781c760                device_remove
 .text.show_devices
                0x000000008781c898       0xfc drivers/built-in.o
 .text.dm_dump_all
                0x000000008781c994       0x3c drivers/built-in.o
                0x000000008781c994                dm_dump_all
 .text.dm_dump_uclass
                0x000000008781c9d0       0xdc drivers/built-in.o
                0x000000008781c9d0                dm_dump_uclass
 .text.finish_access
                0x000000008781caac       0x2c drivers/built-in.o
 .text.setup_direct_access
                0x000000008781cad8      0x120 drivers/built-in.o
 .text.prepare_access
                0x000000008781cbf8       0xcc drivers/built-in.o
 .text.fuse_bank_physical
                0x000000008781ccc4       0xe4 drivers/built-in.o
                0x000000008781ccc4                fuse_bank_physical
 .text.fuse_word_physical
                0x000000008781cda8       0x40 drivers/built-in.o
                0x000000008781cda8                fuse_word_physical
 .text.fuse_read
                0x000000008781cde8       0x80 drivers/built-in.o
                0x000000008781cde8                fuse_read
 .text.fuse_sense
                0x000000008781ce68       0x94 drivers/built-in.o
                0x000000008781ce68                fuse_sense
 .text.fuse_prog
                0x000000008781cefc       0x88 drivers/built-in.o
                0x000000008781cefc                fuse_prog
 .text.fuse_override
                0x000000008781cf84       0x78 drivers/built-in.o
                0x000000008781cf84                fuse_override
 .text.video_drawchars
                0x000000008781cffc      0x44c drivers/built-in.o
 .text.video_invertchar
                0x000000008781d448       0x74 drivers/built-in.o
 .text.draw_bitmap
                0x000000008781d4bc       0xdc drivers/built-in.o
 .text.video_putc.part.1
                0x000000008781d598       0x28 drivers/built-in.o
 .text.console_newline.constprop.3
                0x000000008781d5c0       0xe0 drivers/built-in.o
 .text.board_cfb_skip
                0x000000008781d6a0        0x8 drivers/built-in.o
                0x000000008781d6a0                board_cfb_skip
 .text.console_cursor
                0x000000008781d6a8       0xa8 drivers/built-in.o
                0x000000008781d6a8                console_cursor
 .text.video_putc
                0x000000008781d750      0x1a4 drivers/built-in.o
 .text.video_puts
                0x000000008781d8f4       0x7c drivers/built-in.o
 .text.video_set_lut
                0x000000008781d970        0x4 drivers/built-in.o
                0x000000008781d970                video_set_lut
 .text.display_rle8_bitmap
                0x000000008781d974      0x374 drivers/built-in.o
 .text.plot_logo_or_black
                0x000000008781dce8      0x280 drivers/built-in.o
 .text.do_clrlogo
                0x000000008781df68       0x44 drivers/built-in.o
 .text.video_display_bitmap
                0x000000008781dfac      0x934 drivers/built-in.o
                0x000000008781dfac                video_display_bitmap
 .text.video_clear
                0x000000008781e8e0       0x54 drivers/built-in.o
                0x000000008781e8e0                video_clear
 .text.drv_video_init
                0x000000008781e934      0x424 drivers/built-in.o
                0x000000008781e934                drv_video_init
 .text.mxsfb_system_setup
                0x000000008781ed58        0x4 drivers/built-in.o
                0x000000008781ed58                mxsfb_system_setup
 .text.mxs_lcd_panel_setup
                0x000000008781ed5c       0x78 drivers/built-in.o
                0x000000008781ed5c                mxs_lcd_panel_setup
 .text.lcdif_power_down
                0x000000008781edd4       0x6c drivers/built-in.o
                0x000000008781edd4                lcdif_power_down
 .text.video_hw_init
                0x000000008781ee40      0x3e8 drivers/built-in.o
                0x000000008781ee40                video_hw_init
 .text.video_get_param_len.constprop.1
                0x000000008781f228       0x20 drivers/built-in.o
 .text.video_get_params
                0x000000008781f248      0x4d8 drivers/built-in.o
                0x000000008781f248                video_get_params
 .text.reset_cpu
                0x000000008781f720       0x48 drivers/built-in.o
                0x000000008781f720                reset_cpu
 .text.gpio_set_value
                0x000000008781f768       0x44 drivers/gpio/built-in.o
                0x000000008781f768                gpio_set_value
 .text.gpio_get_value
                0x000000008781f7ac       0x34 drivers/gpio/built-in.o
                0x000000008781f7ac                gpio_get_value
 .text.gpio_request
                0x000000008781f7e0       0x10 drivers/gpio/built-in.o
                0x000000008781f7e0                gpio_request
 .text.gpio_free
                0x000000008781f7f0        0x8 drivers/gpio/built-in.o
                0x000000008781f7f0                gpio_free
 .text.gpio_direction_input
                0x000000008781f7f8       0x3c drivers/gpio/built-in.o
                0x000000008781f7f8                gpio_direction_input
 .text.gpio_direction_output
                0x000000008781f834       0x50 drivers/gpio/built-in.o
                0x000000008781f834                gpio_direction_output
 .text.esdhc_getcd
                0x000000008781f884       0x40 drivers/mmc/built-in.o
 .text.esdhc_set_ios
                0x000000008781f8c4      0x124 drivers/mmc/built-in.o
 .text.esdhc_init
                0x000000008781f9e8       0xbc drivers/mmc/built-in.o
 .text.check_and_invalidate_dcache_range.isra.0
                0x000000008781faa4       0x30 drivers/mmc/built-in.o
 .text.esdhc_send_cmd
                0x000000008781fad4      0x3e8 drivers/mmc/built-in.o
 .text.fsl_esdhc_initialize
                0x000000008781febc      0x19c drivers/mmc/built-in.o
                0x000000008781febc                fsl_esdhc_initialize
 .text.fsl_esdhc_mmc_init
                0x0000000087820058       0x34 drivers/mmc/built-in.o
                0x0000000087820058                fsl_esdhc_mmc_init
 .text.mmc_set_ios
                0x000000008782008c       0x18 drivers/mmc/built-in.o
 .text.mmc_set_capacity
                0x00000000878200a4       0xa8 drivers/mmc/built-in.o
 .text.board_mmc_getwp
                0x000000008782014c        0x8 drivers/mmc/built-in.o
                0x000000008782014c                board_mmc_getwp
 .text.mmc_getwp
                0x0000000087820154       0x3c drivers/mmc/built-in.o
                0x0000000087820154                mmc_getwp
 .text.mmc_send_cmd
                0x0000000087820190       0x10 drivers/mmc/built-in.o
                0x0000000087820190                mmc_send_cmd
 .text.mmc_send_ext_csd
                0x00000000878201a0       0x4c drivers/mmc/built-in.o
 .text.mmc_go_idle
                0x00000000878201ec       0x4c drivers/mmc/built-in.o
 .text.mmc_send_op_cond_iter
                0x0000000087820238       0x78 drivers/mmc/built-in.o
 .text.mmc_send_status
                0x00000000878202b0       0xe0 drivers/mmc/built-in.o
                0x00000000878202b0                mmc_send_status
 .text.mmc_switch.isra.0
                0x0000000087820390       0x54 drivers/mmc/built-in.o
 .text.mmc_set_blocklen
                0x00000000878203e4       0x40 drivers/mmc/built-in.o
                0x00000000878203e4                mmc_set_blocklen
 .text.find_mmc_device
                0x0000000087820424       0x4c drivers/mmc/built-in.o
                0x0000000087820424                find_mmc_device
 .text.mmc_switch_part
                0x0000000087820470       0x60 drivers/mmc/built-in.o
                0x0000000087820470                mmc_switch_part
 .text.mmc_select_hwpart
                0x00000000878204d0       0x64 drivers/mmc/built-in.o
                0x00000000878204d0                mmc_select_hwpart
 .text.mmc_bread
                0x0000000087820534      0x160 drivers/mmc/built-in.o
 .text.mmc_hwpart_config
                0x0000000087820694      0x42c drivers/mmc/built-in.o
                0x0000000087820694                mmc_hwpart_config
 .text.mmc_getcd
                0x0000000087820ac0       0x3c drivers/mmc/built-in.o
                0x0000000087820ac0                mmc_getcd
 .text.mmc_set_clock
                0x0000000087820afc       0x24 drivers/mmc/built-in.o
                0x0000000087820afc                mmc_set_clock
 .text.mmc_startup
                0x0000000087820b20      0xda8 drivers/mmc/built-in.o
 .text.mmc_create
                0x00000000878218c8       0xfc drivers/mmc/built-in.o
                0x00000000878218c8                mmc_create
 .text.board_mmc_power_init
                0x00000000878219c4        0x4 drivers/mmc/built-in.o
                0x00000000878219c4                board_mmc_power_init
 .text.mmc_start_init
                0x00000000878219c8      0x258 drivers/mmc/built-in.o
                0x00000000878219c8                mmc_start_init
 .text.mmc_init
                0x0000000087821c20       0xf4 drivers/mmc/built-in.o
                0x0000000087821c20                mmc_init
 .text.mmc_get_dev
                0x0000000087821d14       0x2c drivers/mmc/built-in.o
                0x0000000087821d14                mmc_get_dev
 .text.mmc_set_dsr
                0x0000000087821d40        0xc drivers/mmc/built-in.o
                0x0000000087821d40                mmc_set_dsr
 .text.print_mmc_devices
                0x0000000087821d4c       0xc0 drivers/mmc/built-in.o
                0x0000000087821d4c                print_mmc_devices
 .text.get_mmc_num
                0x0000000087821e0c       0x10 drivers/mmc/built-in.o
                0x0000000087821e0c                get_mmc_num
 .text.mmc_initialize
                0x0000000087821e1c       0x94 drivers/mmc/built-in.o
                0x0000000087821e1c                mmc_initialize
 .text.mmc_boot_partition_size_change
                0x0000000087821eb0       0xc4 drivers/mmc/built-in.o
                0x0000000087821eb0                mmc_boot_partition_size_change
 .text.mmc_set_boot_bus_width
                0x0000000087821f74       0x14 drivers/mmc/built-in.o
                0x0000000087821f74                mmc_set_boot_bus_width
 .text.mmc_set_part_conf
                0x0000000087821f88       0x14 drivers/mmc/built-in.o
                0x0000000087821f88                mmc_set_part_conf
 .text.mmc_set_rst_n_function
                0x0000000087821f9c        0xc drivers/mmc/built-in.o
                0x0000000087821f9c                mmc_set_rst_n_function
 .text.mmc_berase
                0x0000000087821fa8      0x1c4 drivers/mmc/built-in.o